******************************************************************************
                  TI ARM Linker PC v20.2.5                     
******************************************************************************
>> Linked Sun May  9 23:48:26 2021

OUTPUT FILE NAME:   <Experimento2.out>
ENTRY POINT SYMBOL: "_c_int00_noargs"  address: 0000089d


MEMORY CONFIGURATION

         name            origin    length      used     unused   attr    fill
----------------------  --------  ---------  --------  --------  ----  --------
  FLASH                 00000000   00040000  00000af4  0003f50c  R  X
  SRAM                  20000000   00008000  00000214  00007dec  RW X


SEGMENT ALLOCATION MAP

run origin  load origin   length   init length attrs members
----------  ----------- ---------- ----------- ----- -------
00000000    00000000    00000af4   00000af4    r-x
  00000000    00000000    0000026c   0000026c    r-- .intvecs
  0000026c    0000026c    00000798   00000798    r-x .text
  00000a04    00000a04    000000dc   000000dc    r-- .const
  00000ae0    00000ae0    00000014   00000014    r-- .cinit
20000000    20000000    00000214   00000000    rw-
  20000000    20000000    00000200   00000000    rw- .stack
  20000200    20000200    00000014   00000000    rw- .bss


SECTION ALLOCATION MAP

 output                                  attributes/
section   page    origin      length       input sections
--------  ----  ----------  ----------   ----------------
.intvecs   0    00000000    0000026c     
                  00000000    0000026c     tm4c123gh6pm_startup_ccs.obj (.intvecs)

.text      0    0000026c    00000798     
                  0000026c    00000170     main.obj (.text)
                  000003dc    00000132     driverlib.lib : gpio.obj (.text:GPIOPadConfigSet)
                  0000050e    00000002     --HOLE-- [fill = 0]
                  00000510    00000110                   : sysctl.obj (.text:SysCtlClockGet)
                  00000620    000000f4                   : sysctl.obj (.text:SysCtlClockSet)
                  00000714    00000068                   : interrupt.obj (.text:IntEnable)
                  0000077c    00000060                   : timer.obj (.text:TimerConfigure)
                  000007dc    00000046                   : uart.obj (.text:UARTConfigSetExpClk)
                  00000822    00000002     --HOLE-- [fill = 0]
                  00000824    00000044     rtsv7M4_T_le_v4SPD16_eabi.lib : autoinit.c.obj (.text:__TI_auto_init_nobinit_nopinit:__TI_auto_init_nobinit_nopinit)
                  00000868    00000034     driverlib.lib : sysctl.obj (.text:SysCtlPeripheralEnable)
                  0000089c    00000034     rtsv7M4_T_le_v4SPD16_eabi.lib : boot_cortex_m.c.obj (.text:_c_int00_noargs:_c_int00_noargs)
                  000008d0    0000002a     driverlib.lib : gpio.obj (.text:GPIODirModeSet)
                  000008fa    00000002     --HOLE-- [fill = 0]
                  000008fc    00000020                   : uart.obj (.text:UARTDisable)
                  0000091c    0000001c     rtsv7M4_T_le_v4SPD16_eabi.lib : copy_zero_init.c.obj (.text:decompress:ZI:__TI_zero_init_nomemset:__TI_zero_init_nomemset)
                  00000938    00000018     driverlib.lib : gpio.obj (.text:GPIOPinTypeGPIOOutput)
                  00000950    00000014                   : uart.obj (.text:UARTEnable)
                  00000964    00000012                   : gpio.obj (.text:GPIOPinTypeUART)
                  00000976    00000012                   : timer.obj (.text:TimerLoadSet)
                  00000988    00000010                   : interrupt.obj (.text:IntMasterEnable)
                  00000998    0000000e                   : timer.obj (.text:TimerEnable)
                  000009a6    0000000e                   : uart.obj (.text:UARTCharGetNonBlocking)
                  000009b4    0000000c                   : cpu.obj (.text:CPUcpsie)
                  000009c0    0000000c     tm4c123gh6pm_startup_ccs.obj (.text)
                  000009cc    00000008     driverlib.lib : timer.obj (.text:TimerIntEnable)
                  000009d4    00000008                   : uart.obj (.text:UARTIntEnable)
                  000009dc    00000006                   : gpio.obj (.text:GPIOPinRead)
                  000009e2    00000006                   : gpio.obj (.text:GPIOPinWrite)
                  000009e8    00000006                   : sysctl.obj (.text:SysCtlDelay)
                  000009ee    00000006                   : uart.obj (.text:UARTFIFOLevelSet)
                  000009f4    00000004                   : timer.obj (.text:TimerIntClear)
                  000009f8    00000004                   : uart.obj (.text:UARTIntClear)
                  000009fc    00000004     rtsv7M4_T_le_v4SPD16_eabi.lib : pre_init.c.obj (.text:_system_pre_init)
                  00000a00    00000004                                   : exit.c.obj (.text:abort:abort)

.const     0    00000a04    000000dc     
                  00000a04    00000070     driverlib.lib : interrupt.obj (.const)
                  00000a74    0000006c                   : sysctl.obj (.const:g_pui32Xtals)

.cinit     0    00000ae0    00000014     
                  00000ae0    00000008     (.cinit..bss.load) [load image, compression = zero_init]
                  00000ae8    00000004     (__TI_handler_table)
                  00000aec    00000008     (__TI_cinit_table)

.init_array 
*          0    00000000    00000000     UNINITIALIZED

.bss       0    20000200    00000014     UNINITIALIZED
                  20000200    00000004     (.common:caracterRecibido)
                  20000204    00000004     (.common:ledB)
                  20000208    00000004     (.common:ledG)
                  2000020c    00000004     (.common:ledR)
                  20000210    00000004     (.common:timeBase)

.stack     0    20000000    00000200     UNINITIALIZED
                  20000000    00000004     rtsv7M4_T_le_v4SPD16_eabi.lib : boot_cortex_m.c.obj (.stack)
                  20000004    000001fc     --HOLE--

__llvm_prf_cnts 
*          0    20000000    00000000     UNINITIALIZED

MODULE SUMMARY

       Module                         code   ro data   rw data
       ------                         ----   -------   -------
    .\
       tm4c123gh6pm_startup_ccs.obj   12     620       0      
       main.obj                       368    0         20     
    +--+------------------------------+------+---------+---------+
       Total:                         380    620       20     
                                                              
    D:/TivaWare/driverlib/ccs/Debug/driverlib.lib
       sysctl.obj                     574    108       0      
       gpio.obj                       402    0         0      
       interrupt.obj                  120    112       0      
       uart.obj                       154    0         0      
       timer.obj                      140    0         0      
       cpu.obj                        12     0         0      
    +--+------------------------------+------+---------+---------+
       Total:                         1402   220       0      
                                                              
    D:\programas\codeComposer\ccs\tools\compiler\ti-cgt-arm_20.2.5.LTS\lib\rtsv7M4_T_le_v4SPD16_eabi.lib
       autoinit.c.obj                 68     0         0      
       boot_cortex_m.c.obj            52     0         0      
       copy_zero_init.c.obj           28     0         0      
       exit.c.obj                     4      0         0      
       pre_init.c.obj                 4      0         0      
    +--+------------------------------+------+---------+---------+
       Total:                         156    0         0      
                                                              
       Stack:                         0      0         512    
       Linker Generated:              0      20        0      
    +--+------------------------------+------+---------+---------+
       Grand Total:                   1938   860       532    


LINKER GENERATED COPY TABLES

__TI_cinit_table @ 00000aec records: 1, size/record: 8, table size: 8
	.bss: load addr=00000ae0, load size=00000008 bytes, run addr=20000200, run size=00000014 bytes, compression=zero_init


LINKER GENERATED HANDLER TABLE

__TI_handler_table @ 00000ae8 records: 1, size/record: 4, table size: 4
	index: 0, handler: __TI_zero_init


GLOBAL SYMBOLS: SORTED ALPHABETICALLY BY Name 

address   name                          
-------   ----                          
00000a01  C$$EXIT                       
000009b5  CPUcpsie                      
000008d1  GPIODirModeSet                
000003dd  GPIOPadConfigSet              
000009dd  GPIOPinRead                   
00000939  GPIOPinTypeGPIOOutput         
00000965  GPIOPinTypeUART               
000009e3  GPIOPinWrite                  
00000715  IntEnable                     
00000989  IntMasterEnable               
000009c1  ResetISR                      
00000511  SysCtlClockGet                
00000621  SysCtlClockSet                
000009e9  SysCtlDelay                   
00000869  SysCtlPeripheralEnable        
0000077d  TimerConfigure                
00000999  TimerEnable                   
000009f5  TimerIntClear                 
000009cd  TimerIntEnable                
00000977  TimerLoadSet                  
000009a7  UARTCharGetNonBlocking        
000007dd  UARTConfigSetExpClk           
000008fd  UARTDisable                   
00000951  UARTEnable                    
000009ef  UARTFIFOLevelSet              
000009f9  UARTIntClear                  
000009d5  UARTIntEnable                 
00000393  Uart0IntHanddler              
20000200  __STACK_END                   
00000200  __STACK_SIZE                  
20000200  __STACK_TOP                   
00000aec  __TI_CINIT_Base               
00000af4  __TI_CINIT_Limit              
00000ae8  __TI_Handler_Table_Base       
00000aec  __TI_Handler_Table_Limit      
00000825  __TI_auto_init_nobinit_nopinit
ffffffff  __TI_pprof_out_hndl           
ffffffff  __TI_prof_data_size           
ffffffff  __TI_prof_data_start          
00000000  __TI_static_base__            
0000091d  __TI_zero_init_nomemset       
ffffffff  __binit__                     
ffffffff  __c_args__                    
UNDEFED   __mpu_init                    
20000000  __stack                       
20000000  __start___llvm_prf_cnts       
20000000  __stop___llvm_prf_cnts        
0000089d  _c_int00_noargs               
UNDEFED   _system_post_cinit            
000009fd  _system_pre_init              
00000a01  abort                         
ffffffff  binit                         
20000200  caracterRecibido              
00000000  g_pfnVectors                  
20000204  ledB                          
20000208  ledG                          
2000020c  ledR                          
0000026d  main                          
20000210  timeBase                      
00000361  togglePin                     


GLOBAL SYMBOLS: SORTED BY Symbol Address 

address   name                          
-------   ----                          
00000000  __TI_static_base__            
00000000  g_pfnVectors                  
00000200  __STACK_SIZE                  
0000026d  main                          
00000361  togglePin                     
00000393  Uart0IntHanddler              
000003dd  GPIOPadConfigSet              
00000511  SysCtlClockGet                
00000621  SysCtlClockSet                
00000715  IntEnable                     
0000077d  TimerConfigure                
000007dd  UARTConfigSetExpClk           
00000825  __TI_auto_init_nobinit_nopinit
00000869  SysCtlPeripheralEnable        
0000089d  _c_int00_noargs               
000008d1  GPIODirModeSet                
000008fd  UARTDisable                   
0000091d  __TI_zero_init_nomemset       
00000939  GPIOPinTypeGPIOOutput         
00000951  UARTEnable                    
00000965  GPIOPinTypeUART               
00000977  TimerLoadSet                  
00000989  IntMasterEnable               
00000999  TimerEnable                   
000009a7  UARTCharGetNonBlocking        
000009b5  CPUcpsie                      
000009c1  ResetISR                      
000009cd  TimerIntEnable                
000009d5  UARTIntEnable                 
000009dd  GPIOPinRead                   
000009e3  GPIOPinWrite                  
000009e9  SysCtlDelay                   
000009ef  UARTFIFOLevelSet              
000009f5  TimerIntClear                 
000009f9  UARTIntClear                  
000009fd  _system_pre_init              
00000a01  C$$EXIT                       
00000a01  abort                         
00000ae8  __TI_Handler_Table_Base       
00000aec  __TI_CINIT_Base               
00000aec  __TI_Handler_Table_Limit      
00000af4  __TI_CINIT_Limit              
20000000  __stack                       
20000000  __start___llvm_prf_cnts       
20000000  __stop___llvm_prf_cnts        
20000200  __STACK_END                   
20000200  __STACK_TOP                   
20000200  caracterRecibido              
20000204  ledB                          
20000208  ledG                          
2000020c  ledR                          
20000210  timeBase                      
ffffffff  __TI_pprof_out_hndl           
ffffffff  __TI_prof_data_size           
ffffffff  __TI_prof_data_start          
ffffffff  __binit__                     
ffffffff  __c_args__                    
ffffffff  binit                         
UNDEFED   __mpu_init                    
UNDEFED   _system_post_cinit            

[60 symbols]
